Archive member included because of file (symbol)

d:/amira/imt/programs/imt_sdk_win_64/winavr/bin/../lib/gcc/avr/4.3.3/avr5\libgcc.a(_exit.o)
                              d:/amira/imt/programs/imt_sdk_win_64/winavr/bin/../lib/gcc/avr/4.3.3/../../../../avr/lib/avr5/crtm32.o (exit)
d:/amira/imt/programs/imt_sdk_win_64/winavr/bin/../lib/gcc/avr/4.3.3/avr5\libgcc.a(_clear_bss.o)
                              ./EXTI_program.o (__do_clear_bss)

Memory Configuration

Name             Origin             Length             Attributes
text             0x00000000         0x00020000         xr
data             0x00800060         0x0000ffa0         rw !x
eeprom           0x00810000         0x00010000         rw !x
fuse             0x00820000         0x00000400         rw !x
lock             0x00830000         0x00000400         rw !x
signature        0x00840000         0x00000400         rw !x
*default*        0x00000000         0xffffffff

Linker script and memory map

LOAD d:/amira/imt/programs/imt_sdk_win_64/winavr/bin/../lib/gcc/avr/4.3.3/../../../../avr/lib/avr5/crtm32.o
LOAD ./DIO_program.o
LOAD ./EXTI_program.o
LOAD ./GIE_program.o
LOAD ./TMR0_program.o
LOAD ./main.o
LOAD d:/amira/imt/programs/imt_sdk_win_64/winavr/bin/../lib/gcc/avr/4.3.3/avr5\libgcc.a
LOAD d:/amira/imt/programs/imt_sdk_win_64/winavr/bin/../lib/gcc/avr/4.3.3/../../../../avr/lib/avr5\libc.a
LOAD d:/amira/imt/programs/imt_sdk_win_64/winavr/bin/../lib/gcc/avr/4.3.3/avr5\libgcc.a

.hash
 *(.hash)

.dynsym
 *(.dynsym)

.dynstr
 *(.dynstr)

.gnu.version
 *(.gnu.version)

.gnu.version_d
 *(.gnu.version_d)

.gnu.version_r
 *(.gnu.version_r)

.rel.init
 *(.rel.init)

.rela.init
 *(.rela.init)

.rel.text
 *(.rel.text)
 *(.rel.text.*)
 *(.rel.gnu.linkonce.t*)

.rela.text
 *(.rela.text)
 *(.rela.text.*)
 *(.rela.gnu.linkonce.t*)

.rel.fini
 *(.rel.fini)

.rela.fini
 *(.rela.fini)

.rel.rodata
 *(.rel.rodata)
 *(.rel.rodata.*)
 *(.rel.gnu.linkonce.r*)

.rela.rodata
 *(.rela.rodata)
 *(.rela.rodata.*)
 *(.rela.gnu.linkonce.r*)

.rel.data
 *(.rel.data)
 *(.rel.data.*)
 *(.rel.gnu.linkonce.d*)

.rela.data
 *(.rela.data)
 *(.rela.data.*)
 *(.rela.gnu.linkonce.d*)

.rel.ctors
 *(.rel.ctors)

.rela.ctors
 *(.rela.ctors)

.rel.dtors
 *(.rel.dtors)

.rela.dtors
 *(.rela.dtors)

.rel.got
 *(.rel.got)

.rela.got
 *(.rela.got)

.rel.bss
 *(.rel.bss)

.rela.bss
 *(.rela.bss)

.rel.plt
 *(.rel.plt)

.rela.plt
 *(.rela.plt)

.text           0x00000000     0x1278
 *(.vectors)
 .vectors       0x00000000       0x54 d:/amira/imt/programs/imt_sdk_win_64/winavr/bin/../lib/gcc/avr/4.3.3/../../../../avr/lib/avr5/crtm32.o
                0x00000000                __vectors
                0x00000000                __vector_default
 *(.vectors)
 *(.progmem.gcc*)
 *(.progmem*)
                0x00000054                . = ALIGN (0x2)
                0x00000054                __trampolines_start = .
 *(.trampolines)
 .trampolines   0x00000054        0x0 linker stubs
 *(.trampolines*)
                0x00000054                __trampolines_end = .
 *(.jumptables)
 *(.jumptables*)
 *(.lowtext)
 *(.lowtext*)
                0x00000054                __ctors_start = .
 *(.ctors)
                0x00000054                __ctors_end = .
                0x00000054                __dtors_start = .
 *(.dtors)
                0x00000054                __dtors_end = .
 SORT(*)(.ctors)
 SORT(*)(.dtors)
 *(.init0)
 .init0         0x00000054        0x0 d:/amira/imt/programs/imt_sdk_win_64/winavr/bin/../lib/gcc/avr/4.3.3/../../../../avr/lib/avr5/crtm32.o
                0x00000054                __init
 *(.init0)
 *(.init1)
 *(.init1)
 *(.init2)
 .init2         0x00000054        0xc d:/amira/imt/programs/imt_sdk_win_64/winavr/bin/../lib/gcc/avr/4.3.3/../../../../avr/lib/avr5/crtm32.o
 *(.init2)
 *(.init3)
 *(.init3)
 *(.init4)
 .init4         0x00000060       0x10 d:/amira/imt/programs/imt_sdk_win_64/winavr/bin/../lib/gcc/avr/4.3.3/avr5\libgcc.a(_clear_bss.o)
                0x00000060                __do_clear_bss
 *(.init4)
 *(.init5)
 *(.init5)
 *(.init6)
 *(.init6)
 *(.init7)
 *(.init7)
 *(.init8)
 *(.init8)
 *(.init9)
 .init9         0x00000070        0x8 d:/amira/imt/programs/imt_sdk_win_64/winavr/bin/../lib/gcc/avr/4.3.3/../../../../avr/lib/avr5/crtm32.o
 *(.init9)
 *(.text)
 .text          0x00000078        0x4 d:/amira/imt/programs/imt_sdk_win_64/winavr/bin/../lib/gcc/avr/4.3.3/../../../../avr/lib/avr5/crtm32.o
                0x00000078                __vector_12
                0x00000078                __bad_interrupt
                0x00000078                __vector_6
                0x00000078                __vector_13
                0x00000078                __vector_17
                0x00000078                __vector_19
                0x00000078                __vector_7
                0x00000078                __vector_5
                0x00000078                __vector_4
                0x00000078                __vector_9
                0x00000078                __vector_15
                0x00000078                __vector_8
                0x00000078                __vector_14
                0x00000078                __vector_16
                0x00000078                __vector_18
                0x00000078                __vector_20
 .text          0x0000007c        0x0 ./DIO_program.o
 .text          0x0000007c        0x0 ./EXTI_program.o
 .text          0x0000007c        0x0 ./GIE_program.o
 .text          0x0000007c        0x0 ./TMR0_program.o
 .text          0x0000007c        0x0 ./main.o
 .text          0x0000007c        0x0 d:/amira/imt/programs/imt_sdk_win_64/winavr/bin/../lib/gcc/avr/4.3.3/avr5\libgcc.a(_exit.o)
 .text          0x0000007c        0x0 d:/amira/imt/programs/imt_sdk_win_64/winavr/bin/../lib/gcc/avr/4.3.3/avr5\libgcc.a(_clear_bss.o)
                0x0000007c                . = ALIGN (0x2)
 *(.text.*)
 .text.DIO_voidSetPinDirection
                0x0000007c      0x208 ./DIO_program.o
                0x0000007c                DIO_voidSetPinDirection
 .text.DIO_voidSetPinValue
                0x00000284      0x210 ./DIO_program.o
                0x00000284                DIO_voidSetPinValue
 .text.DIO_voidGetPinValue
                0x00000494      0x110 ./DIO_program.o
                0x00000494                DIO_voidGetPinValue
 .text.DIO_u8GetPinValue
                0x000005a4       0xfa ./DIO_program.o
                0x000005a4                DIO_u8GetPinValue
 .text.DIO_voidTogglePinValue
                0x0000069e       0xfa ./DIO_program.o
                0x0000069e                DIO_voidTogglePinValue
 .text.DIO_voidActivePinInPullUpResistance
                0x00000798       0xfa ./DIO_program.o
                0x00000798                DIO_voidActivePinInPullUpResistance
 .text.DIO_voidSetPortDirection
                0x00000892       0x82 ./DIO_program.o
                0x00000892                DIO_voidSetPortDirection
 .text.DIO_voidSetPortValue
                0x00000914       0x82 ./DIO_program.o
                0x00000914                DIO_voidSetPortValue
 .text.DIO_voidGetPortValue
                0x00000996       0x98 ./DIO_program.o
                0x00000996                DIO_voidGetPortValue
 .text.DIO_voidTogglePortValue
                0x00000a2e       0x96 ./DIO_program.o
                0x00000a2e                DIO_voidTogglePortValue
 .text.DIO_voidActivePortInPullUpResistance
                0x00000ac4       0x7e ./DIO_program.o
                0x00000ac4                DIO_voidActivePortInPullUpResistance
 .text.EXTI_voidEnable
                0x00000b42      0x226 ./EXTI_program.o
                0x00000b42                EXTI_voidEnable
 .text.EXTI_voidDisable
                0x00000d68       0x6e ./EXTI_program.o
                0x00000d68                EXTI_voidDisable
 .text.EXTI_voidSetCallBackInt0
                0x00000dd6       0x2c ./EXTI_program.o
                0x00000dd6                EXTI_voidSetCallBackInt0
 .text.EXTI_voidSetCallBackInt1
                0x00000e02       0x2c ./EXTI_program.o
                0x00000e02                EXTI_voidSetCallBackInt1
 .text.EXTI_voidSetCallBackInt2
                0x00000e2e       0x2c ./EXTI_program.o
                0x00000e2e                EXTI_voidSetCallBackInt2
 .text.__vector_1
                0x00000e5a       0x66 ./EXTI_program.o
                0x00000e5a                __vector_1
 .text.__vector_2
                0x00000ec0       0x66 ./EXTI_program.o
                0x00000ec0                __vector_2
 .text.__vector_3
                0x00000f26       0x66 ./EXTI_program.o
                0x00000f26                __vector_3
 .text.GIE_voidEnable
                0x00000f8c       0x1c ./GIE_program.o
                0x00000f8c                GIE_voidEnable
 .text.GIE_voidDisable
                0x00000fa8       0x1c ./GIE_program.o
                0x00000fa8                GIE_voidDisable
 .text.TMR0_voidInit
                0x00000fc4       0x40 ./TMR0_program.o
                0x00000fc4                TMR0_voidInit
 .text.TMR0_voidStart
                0x00001004       0x38 ./TMR0_program.o
                0x00001004                TMR0_voidStart
 .text.TMR0_voidStop
                0x0000103c       0x38 ./TMR0_program.o
                0x0000103c                TMR0_voidStop
 .text.TMR0_voidSetCallBack
                0x00001074       0x66 ./TMR0_program.o
                0x00001074                TMR0_voidSetCallBack
 .text.TMR0_voidSetDelay_ms_UsingCTC
                0x000010da       0x2c ./TMR0_program.o
                0x000010da                TMR0_voidSetDelay_ms_UsingCTC
 .text.__vector_11
                0x00001106       0x98 ./TMR0_program.o
                0x00001106                __vector_11
 .text.__vector_10
                0x0000119e       0x96 ./TMR0_program.o
                0x0000119e                __vector_10
 .text.main     0x00001234       0x2a ./main.o
                0x00001234                main
 .text.action   0x0000125e       0x16 ./main.o
                0x0000125e                action
 .text.libgcc   0x00001274        0x0 d:/amira/imt/programs/imt_sdk_win_64/winavr/bin/../lib/gcc/avr/4.3.3/avr5\libgcc.a(_exit.o)
 .text.libgcc   0x00001274        0x0 d:/amira/imt/programs/imt_sdk_win_64/winavr/bin/../lib/gcc/avr/4.3.3/avr5\libgcc.a(_clear_bss.o)
                0x00001274                . = ALIGN (0x2)
 *(.fini9)
 .fini9         0x00001274        0x0 d:/amira/imt/programs/imt_sdk_win_64/winavr/bin/../lib/gcc/avr/4.3.3/avr5\libgcc.a(_exit.o)
                0x00001274                exit
                0x00001274                _exit
 *(.fini9)
 *(.fini8)
 *(.fini8)
 *(.fini7)
 *(.fini7)
 *(.fini6)
 *(.fini6)
 *(.fini5)
 *(.fini5)
 *(.fini4)
 *(.fini4)
 *(.fini3)
 *(.fini3)
 *(.fini2)
 *(.fini2)
 *(.fini1)
 *(.fini1)
 *(.fini0)
 .fini0         0x00001274        0x4 d:/amira/imt/programs/imt_sdk_win_64/winavr/bin/../lib/gcc/avr/4.3.3/avr5\libgcc.a(_exit.o)
 *(.fini0)
                0x00001278                _etext = .

.data           0x00800060        0x0 load address 0x00001278
                0x00800060                PROVIDE (__data_start, .)
 *(.data)
 .data          0x00800060        0x0 d:/amira/imt/programs/imt_sdk_win_64/winavr/bin/../lib/gcc/avr/4.3.3/../../../../avr/lib/avr5/crtm32.o
 .data          0x00800060        0x0 ./DIO_program.o
 .data          0x00800060        0x0 ./EXTI_program.o
 .data          0x00800060        0x0 ./GIE_program.o
 .data          0x00800060        0x0 ./TMR0_program.o
 .data          0x00800060        0x0 ./main.o
 .data          0x00800060        0x0 d:/amira/imt/programs/imt_sdk_win_64/winavr/bin/../lib/gcc/avr/4.3.3/avr5\libgcc.a(_exit.o)
 .data          0x00800060        0x0 d:/amira/imt/programs/imt_sdk_win_64/winavr/bin/../lib/gcc/avr/4.3.3/avr5\libgcc.a(_clear_bss.o)
 *(.data*)
 *(.rodata)
 *(.rodata*)
 *(.gnu.linkonce.d*)
                0x00800060                . = ALIGN (0x2)
                0x00800060                _edata = .
                0x00800060                PROVIDE (__data_end, .)

.bss            0x00800060       0x10
                0x00800060                PROVIDE (__bss_start, .)
 *(.bss)
 .bss           0x00800060        0x0 d:/amira/imt/programs/imt_sdk_win_64/winavr/bin/../lib/gcc/avr/4.3.3/../../../../avr/lib/avr5/crtm32.o
 .bss           0x00800060        0x0 ./DIO_program.o
 .bss           0x00800060        0x0 ./EXTI_program.o
 .bss           0x00800060        0x0 ./GIE_program.o
 .bss           0x00800060        0x0 ./TMR0_program.o
 .bss           0x00800060        0x0 ./main.o
 .bss           0x00800060        0x0 d:/amira/imt/programs/imt_sdk_win_64/winavr/bin/../lib/gcc/avr/4.3.3/avr5\libgcc.a(_exit.o)
 .bss           0x00800060        0x0 d:/amira/imt/programs/imt_sdk_win_64/winavr/bin/../lib/gcc/avr/4.3.3/avr5\libgcc.a(_clear_bss.o)
 *(.bss*)
 .bss.PRV_pFunCallBackINT0
                0x00800060        0x2 ./EXTI_program.o
 .bss.PRV_pFunCallBackINT1
                0x00800062        0x2 ./EXTI_program.o
 .bss.PRV_pFunCallBackINT2
                0x00800064        0x2 ./EXTI_program.o
 .bss.PRV_pFunCallBackOVF
                0x00800066        0x2 ./TMR0_program.o
 .bss.PRV_pFunCallBackCTC
                0x00800068        0x2 ./TMR0_program.o
 .bss.Local_u16OFVCounter.1276
                0x0080006a        0x2 ./TMR0_program.o
 .bss.Local_u16CTCCounter.1292
                0x0080006c        0x2 ./TMR0_program.o
 .bss.PRV_ctcCounter
                0x0080006e        0x2 ./TMR0_program.o
 *(COMMON)
                0x00800070                PROVIDE (__bss_end, .)
                0x00001278                __data_load_start = LOADADDR (.data)
                0x00001278                __data_load_end = (__data_load_start + SIZEOF (.data))

.noinit         0x00800070        0x0
                0x00800070                PROVIDE (__noinit_start, .)
 *(.noinit*)
                0x00800070                PROVIDE (__noinit_end, .)
                0x00800070                _end = .
                0x00800070                PROVIDE (__heap_start, .)

.eeprom         0x00810000        0x0
 *(.eeprom*)
                0x00810000                __eeprom_end = .

.fuse
 *(.fuse)
 *(.lfuse)
 *(.hfuse)
 *(.efuse)

.lock
 *(.lock*)

.signature
 *(.signature*)

.stab           0x00000000     0x12f0
 *(.stab)
 .stab          0x00000000      0x7d4 ./DIO_program.o
 .stab          0x000007d4      0x4a4 ./EXTI_program.o
                                0x54c (size before relaxing)
 .stab          0x00000c78      0x144 ./GIE_program.o
                                0x1ec (size before relaxing)
 .stab          0x00000dbc      0x3cc ./TMR0_program.o
                                0x474 (size before relaxing)
 .stab          0x00001188      0x168 ./main.o
                                0x210 (size before relaxing)

.stabstr        0x00000000      0x9f8
 *(.stabstr)
 .stabstr       0x00000000      0x9f8 ./DIO_program.o

.stab.excl
 *(.stab.excl)

.stab.exclstr
 *(.stab.exclstr)

.stab.index
 *(.stab.index)

.stab.indexstr
 *(.stab.indexstr)

.comment
 *(.comment)

.debug
 *(.debug)

.line
 *(.line)

.debug_srcinfo
 *(.debug_srcinfo)

.debug_sfnames
 *(.debug_sfnames)

.debug_aranges
 *(.debug_aranges)

.debug_pubnames
 *(.debug_pubnames)

.debug_info
 *(.debug_info)
 *(.gnu.linkonce.wi.*)

.debug_abbrev
 *(.debug_abbrev)

.debug_line
 *(.debug_line)

.debug_frame
 *(.debug_frame)

.debug_str
 *(.debug_str)

.debug_loc
 *(.debug_loc)

.debug_macinfo
 *(.debug_macinfo)
OUTPUT(TMR0.elf elf32-avr)
LOAD linker stubs
